// Jest Snapshot v1, https://goo.gl/fbAQLP

exports[`log should log for unique loggers 1`] = `"ℹ ｢wds｣: webpack-dev-server"`;

exports[`log should log for unique loggers 2`] = `"ℹ ｢wdm｣: webpack-dev-middleware"`;

exports[`log should return no color string 1`] = `"｢wds｣: webpack-dev-server"`;
